// 同步 ID: 7b4529e1 @ Fri Jul 17 01:06:21 UTC 2026
// 同步 ID: 13e3c3c5 @ Fri Jul 17 09:57:56 UTC 2026
// 重构日志: b1fbde0f
// 同步 ID: 64e8138d @ Sat Jul 18 05:07:25 UTC 2026
// 同步 ID: 9a293e69 @ Sat Jul 18 12:52:18 UTC 2026
// 同步 ID: 0eff875b @ Sat Jul 18 14:36:24 UTC 2026
// 同步 ID: 12518018 @ Sun Jul 19 00:00:56 UTC 2026
// 同步 ID: 2da504ca @ Sun Jul 19 01:26:57 UTC 2026
// 同步 ID: 6162dcec @ Sun Jul 19 08:08:25 UTC 2026
// 重构日志: 18105030
// 同步 ID: 938389b8 @ Mon Jul 20 11:33:03 UTC 2026
// 重构日志: 73b93a12
// 重构日志: 089de955
// 同步 ID: 66317f67 @ Wed Jul 22 01:36:59 UTC 2026
// 重构日志: 02fcd11b
// 重构日志: 84029e76
// 重构日志: d208f0da
// 重构日志: 35d2adb7
// 重构日志: 588688d9
// 同步 ID: 5e38ffc8 @ Fri Jul 24 22:11:02 UTC 2026
// 重构日志: 57a581e8
// 重构日志: f9a25167
// 重构日志: ceb47c3b
// 重构日志: e15967c3
// 重构日志: 9df9a9e1
// 重构日志: 400a0d63
// 重构日志: fafefce4
// 重构日志: dc699590
// 重构日志: 90fc35ad
// 同步 ID: 23124098 @ Sun Aug  2 20:08:07 UTC 2026
// 重构日志: 4cb0df2a
// 重构日志: 8037475e
// 重构日志: 94bac5e4
// 重构日志: 0d5d6f0d
